 Kancli · Demo                                                                        demo mode · changes are not saved 
╭───────────────────────────────────────╮                                                                               
│    Archived tasks                     │                                                                               
│                                       │                                                                               
│   8 archived tasks                    │                                                                               
│                                       │                                                                               
│ │ #16 Release v0.2                    │                                                                               
│ │ archived just now · from Done       │                                                                               
│                                       │                                                                               
│   #15 Archive view                    │                                                                               
│   archived 1d ago · from Done         │                                                                               
│                                       │                                                                               
│   #14 Mouse support                   │                                                                               
│   archived 3d ago · from Done         │                                                                               
│                                       │                                                                               
│   #13 Document the search syntax      │                                                                               
│   archived 7d ago · from Done         │                                                                               
│                                       │                                                                               
│   #12 Add the board picker            │                                                                               
│   archived 10d ago · from Done        │                                                                               
│                                       │                                                                               
│   #11 Fix due-date parsing across DST │                                                                               
│   archived 13d ago · from Done        │                                                                               
│                                       │                                                                               
│   #10 Write the store tests           │                                                                               
│   archived 15d ago · from Done        │                                                                               
│                                       │                                                                               
│   #9 Set up CI                        │                                                                               
│   archived 18d ago · from Done        │                                                                               
│                                       │                                                                               
│                                       │                                                                               
│                                       │                                                                               
│                                       │                                                                               
│                                       │                                                                               
│ enter restore • d delete • esc back   │                                                                               
╰───────────────────────────────────────╯                                                                               