 Kancli · Demo                                  1 overdue · 1 due today 
╭──────────────────────╮╭──────────────────────╮╭──────────────────────╮
│    To Do 4           ││    In Progress 2/2   ││    Done 2            │
│                      ││                      ││                      │
│ │ #1 ↑ Write the re… ││ │ #5 ‼ Ship the CLI… ││ │ #8 ↓ Stay cool     │
│ │ Cover the new sea… ││ │ add, list, move, … ││ │ as a cucumber      │
│ │ tomorrow · @sam ·… ││ │ today · @sam · +f… ││ │ ↳ roadmap#1        │
│                      ││                      ││                      │
│   #2 • Fix the flak… ││   #6 • Review the m… ││   #7 Upgrade to Bub… │
│                      ││                      ││                      │
│   2d overdue · +bug… ││   in 3d · @alex · +… ││   +chore             │
│                      ││                      ││                      │
│   #4 ↓ Plan the tea… ││                      ││                      │
│   Venue, agenda and… ││                      ││                      │
│   Sep 14 · @alex · … ││                      ││                      │
│                      ││                      ││                      │
│                      ││                      ││                      │
│                      ││                      ││                      │
│                      ││                      ││                      │
│   ••                 ││                      ││                      │
╰──────────────────────╯╰──────────────────────╯╰──────────────────────╯
 n new task • enter/v view • e edit • L/⇧→ move right • / search …      