 Kancli · Demo                                              1 overdue · 1 due today · demo mode · changes are not saved 
╭─────────────────────────────────────────────────────────────────────────────────────────╮                             
│    Boards                                                                               │                             
│                                                                                         │                             
│   2 boards                                                                              │                             
│                                                                                         │                             
│ │ Demo                                                                                  │                             
│ │ 8 tasks, 3 columns (current) · Sample board with three weeks of history               │                             
│                                                                                         │                             
│   Roadmap                                                                               │                             
│   goals · 2 tasks, 3 columns · Quarter goals                                            │                             
│                                                                                         │                             
│                                                                                         │                             
│                                                                                         │                             
│                                                                                         │                             
│                                                                                         │                             
│                                                                                         │                             
│                                                                                         │                             
│                                                                                         │                             
│                                                                                         │                             
│                                                                                         │                             
│                                                                                         │                             
│                                                                                         │                             
│                                                                                         │                             
│                                                                                         │                             
│                                                                                         │                             
│                                                                                         │                             
│                                                                                         │                             
│                                                                                         │                             
│                                                                                         │                             
│                                                                                         │                             
│                                                                                         │                             
│                                                                                         │                             
│                                                                                         │                             
│ enter open • n new board • r rename • e describe • t toggle goals • d delete • esc back │                             
╰─────────────────────────────────────────────────────────────────────────────────────────╯                             