 Kancli · Demo                                                                        demo mode · changes are not saved 
╭───────────────────────────────────────────────────────────╮                                                           
│    Boards                                                 │                                                           
│                                                           │                                                           
│   1 board                                                 │                                                           
│                                                           │                                                           
│ │ Demo                                                    │                                                           
│ │ 8 tasks, 3 columns (current)                            │                                                           
│                                                           │                                                           
│                                                           │                                                           
│                                                           │                                                           
│                                                           │                                                           
│                                                           │                                                           
│                                                           │                                                           
│                                                           │                                                           
│                                                           │                                                           
│                                                           │                                                           
│                                                           │                                                           
│                                                           │                                                           
│                                                           │                                                           
│                                                           │                                                           
│                                                           │                                                           
│                                                           │                                                           
│                                                           │                                                           
│                                                           │                                                           
│                                                           │                                                           
│                                                           │                                                           
│                                                           │                                                           
│                                                           │                                                           
│                                                           │                                                           
│                                                           │                                                           
│                                                           │                                                           
│                                                           │                                                           
│                                                           │                                                           
│ enter open • n new board • r rename • d delete • esc back │                                                           
╰───────────────────────────────────────────────────────────╯                                                           