                                                                                                                        
                                                                                                                        
                                                                                                                        
                                                                                                                        
                                                                                                                        
                                                                                                                        
                                                                                                                        
                                                                                                                        
                                                                                                                        
                                                                                                                        
                                    ╭─────────────────────────────────────────────╮                                     
                                    │                                             │                                     
                                    │  New column                                 │                                     
                                    │                                             │                                     
                                    │  Name                                       │                                     
                                    │  Column name                                │                                     
                                    │                                             │                                     
                                    │  Colour                                     │                                     
                                    │                                             │                                     
                                    │                                             │                                     
                                    │  WIP limit  0 = no limit                    │                                     
                                    │                                             │                                     
                                    │  tab next field • ctrl+s save • esc cancel  │                                     
                                    │                                             │                                     
                                    ╰─────────────────────────────────────────────╯                                     
                                                                                                                        
                                                                                                                        
                                                                                                                        
                                                                                                                        
                                                                                                                        
                                                                                                                        
                                                                                                                        
                                                                                                                        
                                                                                                                        
                                                                                                                        
                                                                                                                        