                                                                                                                        
                                                                                                                        
                                                                                                                        
                                                                                                                        
                                                                                                                        
                                                                                                                        
                                                                                                                        
                                                                                                                        
                                                                                                                        
                                                                                                                        
                                                                                                                        
                                                                                                                        
                                                                                                                        
                                       ╭────────────────────────────────────────╮                                       
                                       │                                        │                                       
                                       │  Delete task?                          │                                       
                                       │                                        │                                       
                                       │  #1 Write the release notes            │                                       
                                       │  Tip: a archives instead of deleting.  │                                       
                                       │                                        │                                       
                                       │  y/enter confirm • n/esc cancel        │                                       
                                       │                                        │                                       
                                       ╰────────────────────────────────────────╯                                       
                                                                                                                        
                                                                                                                        
                                                                                                                        
                                                                                                                        
                                                                                                                        
                                                                                                                        
                                                                                                                        
                                                                                                                        
                                                                                                                        
                                                                                                                        
                                                                                                                        
                                                                                                                        
                                                                                                                        