                                                                                                                        
                                                                                                                        
                                                                                                                        
                                                                                                                        
                                                                                                                        
                                                                                                                        
                                                                                                                        
                                                                                                                        
                                                                                                                        
                                                                                                                        
                                                                                                                        
                                                                                                                        
                                                                                                                        
                  ╭─────────────────────────────────────────────────────────────────────────────────╮                   
                  │                                                                                 │                   
                  │  Link #1 (e.g. blocks 15, blocked-by 15, subtask-of 3, parent-of 7, relates 9)  │                   
                  │                                                                                 │                   
                  │  › blocked-by #2                                                                │                   
                  │                                                                                 │                   
                  │  enter to save • esc to cancel                                                  │                   
                  │                                                                                 │                   
                  ╰─────────────────────────────────────────────────────────────────────────────────╯                   
                                                                                                                        
                                                                                                                        
                                                                                                                        
                                                                                                                        
                                                                                                                        
                                                                                                                        
                                                                                                                        
                                                                                                                        
                                                                                                                        
                                                                                                                        
                                                                                                                        
                                                                                                                        
                                                                                                                        
                                                                                                                        