                                                                                                                        
                                                                                                                        
                                                                                                                        
                                                                                                                        
                                                                                                                        
                   ╭────────────────────────────────────────────────────────────────────────────────╮                   
                   │                                                                                │                   
                   │  New task · To Do                                                              │                   
                   │                                                                                │                   
                   │  Title                                                                         │                   
                   │  Write golden tests                                                            │                   
                   │                                                                                │                   
                   │  Description                                                                   │                   
                   │  Add some details (optional)                                                   │                   
                   │                                                                                │                   
                   │                                                                                │                   
                   │                                                                                │                   
                   │                                                                                │                   
                   │                                                                                │                   
                   │                                                                                │                   
                   │                                                                                │                   
                   │                                                                                │                   
                   │  Priority  [none] low  medium  high  urgent                                    │                   
                   │  Due       today, fri, +3d, 2026-09-10                                         │                   
                   │  Labels    comma, separated                                                    │                   
                   │  Assignee  who                                                                 │                   
                   │                                                                                │                   
                   │  tab next field • ctrl+s save • esc cancel                                     │                   
                   │                                                                                │                   
                   ╰────────────────────────────────────────────────────────────────────────────────╯                   
                                                                                                                        
                                                                                                                        
                                                                                                                        
                                                                                                                        
                                                                                                                        
                                                                                                                        