          ╭──────────────────────────────────────────────────────────────────────────────────────────────────╮          
          │                                                                                                  │          
          │  #1 Ship 1.0                                                                                     │          
          │  in To Do · ↑ high · due 2026-09-24 (Sep 24) · @sam · +release                                   │          
          │  created 9d ago · updated 9d ago                                                                 │          
          │                                                                                                  │          
          │  Description                                                                                     │          
          │  Cut the first stable release.                                                                   │          
          │                                                                                                  │          
          │  Checklist                                                                                       │          
          │    none · press t to add an item                                                                 │          
          │                                                                                                  │          
          │  Attachments                                                                                     │          
          │    none · press A to attach a link or path                                                       │          
          │                                                                                                  │          
          │  Links                                                                                           │          
          │    subtask demo#5 Ship the CLI subcommands (In Progress)                                         │          
          │    subtask demo#8 Stay cool (Done)                                                               │          
          │    1 of 2 subtasks finished                                                                      │          
          │                                                                                                  │          
          │  Comments                                                                                        │          
          │    none · press c to comment                                                                     │          
          │                                                                                                  │          
          │  Activity                                                                                        │          
          │    2026-08-15 19:30  Created in To Do                                                            │          
          │                                                                                                  │          
          │                                                                                                  │          
          │                                                                                                  │          
          │                                                                                                  │          
          │                                                                                                  │          
          │                                                                                                  │          
          │                                                                                                  │          
          │  e edit • c comment • t add checklist item • l link task • g go to linked task …                 │          
          │                                                                                                  │          
          ╰──────────────────────────────────────────────────────────────────────────────────────────────────╯          
 Opened board "Roadmap"                                                                                                 