 Kancli · Roadmap · goals                                                                        Opened board "Roadmap" 
╭──────────────────────────────────────╮╭──────────────────────────────────────╮╭──────────────────────────────────────╮
│    To Do 1                           ││    In Progress 1                     ││    Done 0                            │
│                                      ││                                      ││                                      │
│ │ #1 ↑ Ship 1.0                      ││ │ #2 • Grow the docs                 ││   No goals.                          │
│ │ Cut the first stable release.      ││ │ Cover every command and key.       ││                                      │
│ │ Sep 24 · @sam · +release · ↳ 1/2   ││ │ +docs · ↳ 0/1                      ││                                      │
│                                      ││                                      ││                                      │
│                                      ││                                      ││                                      │
│                                      ││                                      ││                                      │
│                                      ││                                      ││                                      │
│                                      ││                                      ││                                      │
│                                      ││                                      ││                                      │
│                                      ││                                      ││                                      │
│                                      ││                                      ││                                      │
│                                      ││                                      ││                                      │
│                                      ││                                      ││                                      │
│                                      ││                                      ││                                      │
│                                      ││                                      ││                                      │
│                                      ││                                      ││                                      │
│                                      ││                                      ││                                      │
│                                      ││                                      ││                                      │
│                                      ││                                      ││                                      │
│                                      ││                                      ││                                      │
│                                      ││                                      ││                                      │
│                                      ││                                      ││                                      │
│                                      ││                                      ││                                      │
│                                      ││                                      ││                                      │
│                                      ││                                      ││                                      │
│                                      ││                                      ││                                      │
│                                      ││                                      ││                                      │
│                                      ││                                      ││                                      │
│                                      ││                                      ││                                      │
│                                      ││                                      ││                                      │
╰──────────────────────────────────────╯╰──────────────────────────────────────╯╰──────────────────────────────────────╯
 n new goal • enter/v view • e edit • L/⇧→ move right • / search • u undo • ? help • q quit                             