 Kancli · Demo                                              1 overdue · 1 due today · demo mode · changes are not saved 
╭──────────────────────────────────────────────────────────────────────────────────────────────────────────────────────╮
│  Link #1 to…                                                                                                         │
│                                                                                                                      │
│   Filter: ship                                                                                                       │
│                                                                                                                      │
│   2 tasks • 7 filtered                                                                                               │
│                                                                                                                      │
│   Ship 1.0                                                                                                           │
│   roadmap#1 · To Do                                                                                                  │
│                                                                                                                      │
│   Ship the CLI subcommands                                                                                           │
│   #5 · In Progress                                                                                                   │
│                                                                                                                      │
│                                                                                                                      │
│                                                                                                                      │
│                                                                                                                      │
│                                                                                                                      │
│                                                                                                                      │
│                                                                                                                      │
│                                                                                                                      │
│                                                                                                                      │
│                                                                                                                      │
│                                                                                                                      │
│                                                                                                                      │
│                                                                                                                      │
│                                                                                                                      │
│                                                                                                                      │
│                                                                                                                      │
│                                                                                                                      │
│                                                                                                                      │
│                                                                                                                      │
│                                                                                                                      │
│                                                                                                                      │
│ enter choose • esc back                                                                                              │
╰──────────────────────────────────────────────────────────────────────────────────────────────────────────────────────╯