                                                                                                                        
                                                                                                                        
                                                                                                                        
                                                                                                                        
                                                                                                                        
                                                                                                                        
                                                                                                                        
                                                                                                                        
                                                                                                                        
                                                                                                                        
                                                                                                                        
                                                                                                                        
                                                                                                                        
                         ╭───────────────────────────────────────────────────────────────────╮                          
                         │                                                                   │                          
                         │  New board name                                                   │                          
                         │                                                                   │                          
                         │  ›                                                                │                          
                         │                                                                   │                          
                         │  enter to save • esc to cancel                                    │                          
                         │                                                                   │                          
                         ╰───────────────────────────────────────────────────────────────────╯                          
                                                                                                                        
                                                                                                                        
                                                                                                                        
                                                                                                                        
                                                                                                                        
                                                                                                                        
                                                                                                                        
                                                                                                                        
                                                                                                                        
                                                                                                                        
                                                                                                                        
                                                                                                                        
                                                                                                                        
                                                                                                                        