     ╭────────────────────────────────────────────────────────────────────────────────────────────────────────────╮     
     │                                                                                                            │     
     │  Stats · last 90 days · 0 events                                                                           │     
     │                                                                                                            │     
     │  8 open  ·  2 in progress  ·  0 finished                                                                   │     
     │  no finished tasks in this window yet                                                                      │     
     │                                                                                                            │     
     │  Finished per week                                                                                         │     
     │                                                                                                            │     
     │                                                                                                            │     
     │                                                                                                            │     
     │                                                                                                            │     
     │                                                                                                            │     
     │    Jun 1 → Aug 24, 0 finished, 0 added                                                                     │     
     │                                                                                                            │     
     │  Work in progress per day                                                                                  │     
     │                                                                                                            │     
     │                                                                                                            │     
     │                                                                                                            │     
     │                                                                                                            │     
     │    0 now, peak 0 over 60 days                                                                              │     
     │                                                                                                            │     
     │  Mean time in column                                                                                       │     
     │                                                                                                            │     
     │                                                                                                            │     
     │                                                                                                            │     
     │                                                                                                            │     
     │                                                                                                            │     
     │    ────────────────────────────────────                                                                    │     
     │    To Do       In Progres  Done                                                                            │     
     │                                                                                                            │     
     │  Oldest open tasks                                                                                         │     
     │                                                                                                            │     
     │  j/k scroll • w window: 30/90/365 days • r refresh • esc back                                              │     
     │                                                                                                            │     
     ╰────────────────────────────────────────────────────────────────────────────────────────────────────────────╯     